☰	111	7	乾
qián	the Creative, '(natural) force'	heaven, sky
天	metal	northwest		south	Summer Solstice	father	head	strong, persisting	creative	馬
horse	三連
three lines
2	☱	110	6	兌
duì	the Joyous, 'open (reflection)'	lake, marsh
澤	metal	west	Fall Equinox	southeast		third daughter	mouth	pleasure	tranquil (complete devotion)	羊
sheep, goat	上缺
flawed above
3	☲	101	5	離
lí	the Clinging, 'radiance'	fire, glow
火	fire	south	Summer Solstice	east	Spring Equinox	second daughter	eye	light-giving, humane "dependence"	clinging, clarity, adaptable	雉
pheasant	中虛
hollow middle
4	☳	100	4	震
zhèn	the Arousing, 'shake'	thunder
雷	wood	east	Spring Equinox	northeast		first son	foot	inciting movement	initiative	龍
dragon	仰盂
face-up jar
5	☴	011	3	巽
xùn	the Gentle, 'ground'	wind, air
風	wood	southeast		southwest		first daughter	thigh	penetrating	gentle entrance	雞
fowl	下斷
broken below
6	☵	010	2	坎
kǎn	the Abysmal, 'gorge'	water
水	water	north	Winter Solstice	west	Fall Equinox	second son	ear	dangerous	in-motion	豕
pig	中滿
full middle
7	☶	001	1	艮
gèn	Keeping Still, bound	mountain
山	earth	northeast		northwest		third son	hand	resting, stand-still	completion	狗
dog	覆碗
face-down bowl
8	☷	000	0	坤
kūn	the Receptive, field	ground, earth
地	earth	southwest		north	Winter Solstice	mother	belly	devoted, yielding	receptive	牛
cow	六斷
six fragments
    